// Jest Snapshot v1, https://goo.gl/fbAQLP

exports[`Card renders correctly 1`] = `
<View
  style={
    Object {
      "alignItems": "center",
      "flex": 1,
      "justifyContent": "center",
    }
  }
>
  <Text
    accessible={true}
    allowFontScaling={true}
    ellipsizeMode="tail"
    style={
      Object {
        "fontSize": 20,
      }
    }
  >
    How do you say...
  </Text>
  <View
    style={
      Object {
        "alignItems": "center",
        "backgroundColor": "white",
        "borderColor": "#1E3888",
        "borderRadius": 8,
        "borderWidth": 2,
        "marginVertical": 20,
        "paddingVertical": 35,
        "shadowColor": "#979797",
        "shadowOffset": Object {
          "height": 2,
          "width": 2,
        },
        "shadowOpacity": 0.7,
        "shadowRadius": 4,
        "width": 220,
      }
    }
  >
    <Text
      accessible={true}
      allowFontScaling={true}
      ellipsizeMode="tail"
      style={
        Object {
          "color": "#1E3888",
          "fontSize": 25,
        }
      }
    >
      HI
    </Text>
  </View>
  <Text
    accessible={true}
    allowFontScaling={true}
    ellipsizeMode="tail"
    style={
      Object {
        "fontSize": 20,
      }
    }
  >
    in Spanish?
  </Text>
  <TextInput
    allowFontScaling={true}
    onChangeText={[Function]}
    placeholder="Type word in Spanish"
    style={
      Object {
        "borderBottomWidth": 2,
        "borderColor": "#3AAFB9",
        "fontSize": 20,
        "margin": 15,
        "padding": 5,
        "width": 250,
      }
    }
    value=""
  />
  <View
    accessibilityComponentType={undefined}
    accessibilityLabel={undefined}
    accessibilityTraits={undefined}
    accessible={true}
    collapsable={undefined}
    hasTVPreferredFocus={undefined}
    hitSlop={undefined}
    isTVSelectable={true}
    nativeID={undefined}
    onLayout={undefined}
    onResponderGrant={[Function]}
    onResponderMove={[Function]}
    onResponderRelease={[Function]}
    onResponderTerminate={[Function]}
    onResponderTerminationRequest={[Function]}
    onStartShouldSetResponder={[Function]}
    style={
      Object {
        "backgroundColor": "#3AAFB9",
        "borderRadius": 8,
        "marginTop": 10,
        "opacity": 1,
        "padding": 10,
        "shadowColor": "#979797",
        "shadowOffset": Object {
          "height": 2,
          "width": 2,
        },
        "shadowOpacity": 0.7,
        "shadowRadius": 4,
      }
    }
    testID={undefined}
    tvParallaxProperties={undefined}
  >
    <Text
      accessible={true}
      allowFontScaling={true}
      ellipsizeMode="tail"
      style={
        Object {
          "color": "#FFF",
        }
      }
    >
      SUBMIT
    </Text>
  </View>
</View>
`;
