// Jest Snapshot v1, https://goo.gl/fbAQLP

exports[`renders correctly 1`] = `
<View
  style={
    Object {
      "flex": 1,
      "flexDirection": "column",
      "justifyContent": "center",
      "paddingVertical": 50,
    }
  }
>
  <View
    style={
      Object {
        "alignSelf": "center",
        "backgroundColor": "white",
        "borderColor": "#1e3888",
        "borderRadius": 8,
        "borderWidth": 2,
        "display": "flex",
        "marginVertical": 20,
        "paddingHorizontal": 20,
        "paddingVertical": 30,
        "shadowColor": "#979797",
        "shadowOffset": Object {
          "height": 2,
          "width": 2,
        },
        "shadowOpacity": 0.7,
        "shadowRadius": 4,
        "width": 280,
      }
    }
  >
    <Text
      accessible={true}
      allowFontScaling={true}
      ellipsizeMode="tail"
      style={
        Object {
          "color": "#1e3888",
          "fontSize": 24,
          "margin": 5,
        }
      }
    >
      Username: 
      a@z.com
    </Text>
    <Text
      accessible={true}
      allowFontScaling={true}
      ellipsizeMode="tail"
      style={
        Object {
          "color": "#1e3888",
          "fontSize": 24,
          "margin": 5,
        }
      }
    >
      Current Points: 
    </Text>
    <Text
      accessible={true}
      allowFontScaling={true}
      ellipsizeMode="tail"
      style={
        Object {
          "color": "#1e3888",
          "fontSize": 24,
          "margin": 5,
        }
      }
    >
      Current Level:
    </Text>
  </View>
  <View
    accessibilityComponentType={undefined}
    accessibilityLabel={undefined}
    accessibilityTraits={undefined}
    accessible={true}
    collapsable={undefined}
    hasTVPreferredFocus={undefined}
    hitSlop={undefined}
    isTVSelectable={true}
    nativeID={undefined}
    onLayout={undefined}
    onResponderGrant={[Function]}
    onResponderMove={[Function]}
    onResponderRelease={[Function]}
    onResponderTerminate={[Function]}
    onResponderTerminationRequest={[Function]}
    onStartShouldSetResponder={[Function]}
    style={
      Object {
        "alignItems": "center",
        "alignSelf": "center",
        "backgroundColor": "#3AAFB9",
        "borderRadius": 8,
        "display": "flex",
        "justifyContent": "center",
        "margin": 10,
        "opacity": 1,
        "padding": 10,
        "shadowColor": "#979797",
        "shadowOffset": Object {
          "height": 2,
          "width": 2,
        },
        "shadowOpacity": 0.7,
        "shadowRadius": 4,
        "width": 150,
      }
    }
    testID={undefined}
    tvParallaxProperties={undefined}
  >
    <Text
      accessible={true}
      allowFontScaling={true}
      ellipsizeMode="tail"
      style={
        Object {
          "color": "#FFF",
          "fontSize": 18,
        }
      }
    >
      LOGOUT
    </Text>
  </View>
</View>
`;
